2025-09-20 19:46:30,611 - __main__ - INFO - === Debates XML-Parser und Datenbank-Import ===
2025-09-20 19:46:30,611 - __main__ - INFO - Input-Verzeichnis: scraper/data/debates
2025-09-20 19:46:30,611 - __main__ - INFO - Datenbank-Pfad: database/data/debates_data.db
2025-09-20 19:46:30,611 - __main__ - INFO - Max-Dateien: alle
2025-09-20 19:46:30,611 - __main__ - INFO - Batch-Größe: 100
2025-09-20 19:46:30,611 - __main__ - INFO - Test-Modus: True
2025-09-20 19:46:30,611 - __main__ - INFO - Test-Modus aktiviert: Max-Dateien auf 5 gesetzt
2025-09-20 19:46:30,611 - __main__ - INFO - Initialisiere Database Manager...
2025-09-20 19:46:30,620 - database_manager - INFO - Indizes erfolgreich erstellt
2025-09-20 19:46:30,620 - database_manager - INFO - Debates-Tabellen erfolgreich erstellt
2025-09-20 19:46:30,623 - __main__ - INFO - Gefunden: 2945 XML-Dateien
2025-09-20 19:46:30,623 - __main__ - INFO - Starte XML-Parsing und Datenbank-Import...
2025-09-20 19:46:30,623 - database_manager - INFO - Starte Import aus scraper/data/debates
2025-09-20 19:46:30,626 - database_manager - INFO - Verarbeite 5 XML-Dateien aus scraper/data/debates
2025-09-20 19:46:30,626 - database_manager - INFO - Verarbeite Datei 1/5: debates2012-01-10a.xml
2025-09-20 19:46:30,626 - database_manager - INFO - Parse debates XML-Datei: debates2012-01-10a.xml
2025-09-20 19:46:30,626 - database_manager - INFO - Debates XML erfolgreich geparst: 0 Debatten, 0 Reden, 0 Wörter
2025-09-20 19:46:30,626 - database_manager - INFO - Verarbeite Datei 2/5: debates2021-11-18c.xml
2025-09-20 19:46:30,626 - database_manager - INFO - Parse debates XML-Datei: debates2021-11-18c.xml
2025-09-20 19:46:30,627 - database_manager - INFO - Debates XML erfolgreich geparst: 0 Debatten, 0 Reden, 0 Wörter
2025-09-20 19:46:30,627 - database_manager - INFO - Verarbeite Datei 3/5: debates2017-03-16a.xml
2025-09-20 19:46:30,627 - database_manager - INFO - Parse debates XML-Datei: debates2017-03-16a.xml
2025-09-20 19:46:30,638 - database_manager - INFO - Debates XML erfolgreich geparst: 24 Debatten, 0 Reden, 0 Wörter
2025-09-20 19:46:30,638 - database_manager - INFO - Verarbeite Datei 4/5: debates2012-10-31b.xml
2025-09-20 19:46:30,638 - database_manager - INFO - Parse debates XML-Datei: debates2012-10-31b.xml
2025-09-20 19:46:30,639 - database_manager - INFO - Debates XML erfolgreich geparst: 0 Debatten, 0 Reden, 0 Wörter
2025-09-20 19:46:30,639 - database_manager - INFO - Verarbeite Datei 5/5: debates2021-06-30b.xml
2025-09-20 19:46:30,639 - database_manager - INFO - Parse debates XML-Datei: debates2021-06-30b.xml
2025-09-20 19:46:30,658 - database_manager - INFO - Debates XML erfolgreich geparst: 17 Debatten, 0 Reden, 0 Wörter
2025-09-20 19:46:30,659 - database_manager - INFO - Verarbeitung abgeschlossen: 5 Sitzungen erfolgreich geparst
2025-09-20 19:46:30,659 - database_manager - INFO - Konvertiere 5 Sitzungen zu DataFrames
2025-09-20 19:46:30,666 - database_manager - INFO - DataFrames erstellt: ['sessions', 'debates', 'speeches', 'speakers', 'paragraphs']
2025-09-20 19:46:30,670 - database_manager - WARNING - Konnte Tabelle speeches nicht löschen: Catalog Error: Could not drop the table because this table is main key table of the table "ml_features"
2025-09-20 19:46:30,672 - database_manager - WARNING - Konnte Tabelle debates nicht löschen: Catalog Error: Could not drop the table because this table is main key table of the table "speeches"
2025-09-20 19:46:30,673 - database_manager - WARNING - Konnte Tabelle speakers nicht löschen: Catalog Error: Could not drop the table because this table is main key table of the table "speeches"
2025-09-20 19:46:30,673 - database_manager - WARNING - Konnte Tabelle sessions nicht löschen: Catalog Error: Could not drop the table because this table is main key table of the table "debates"
2025-09-20 19:46:30,676 - database_manager - INFO - Indizes erfolgreich erstellt
2025-09-20 19:46:30,676 - database_manager - INFO - Debates-Tabellen erfolgreich erstellt
2025-09-20 19:46:30,680 - database_manager - ERROR - Fehler beim Erstellen der Tabelle sessions: Catalog Error: Could not drop the table because this table is main key table of the table "debates"
2025-09-20 19:46:30,680 - __main__ - ERROR - Fehler bei der Verarbeitung: Catalog Error: Could not drop the table because this table is main key table of the table "debates"
Traceback (most recent call last):
  File "/Users/julianbeese/Developer/Master/Data/run_debates_parser.py", line 134, in main
    import_stats = db_manager.import_xml_directory(
  File "/Users/julianbeese/Developer/Master/Data/database/managers/debates_database_manager.py", line 224, in import_xml_directory
    import_stats = self._import_dataframes(dataframes, batch_size)
  File "/Users/julianbeese/Developer/Master/Data/database/managers/debates_database_manager.py", line 265, in _import_dataframes
    self.create_table_from_polars(df, table_name, 'replace')
  File "/Users/julianbeese/Developer/Master/Data/database/managers/database_manager.py", line 127, in create_table_from_polars
    self.connection.execute(f"DROP TABLE IF EXISTS {table_name}")
_duckdb.CatalogException: Catalog Error: Could not drop the table because this table is main key table of the table "debates"
2025-09-20 19:46:30,684 - database_manager - INFO - Datenbankverbindung geschlossen
